keymaps 0-2,4-6,8-9,12
alt_is_meta
include "linux-with-alt-and-altgr.inc"
strings as usual

keycode   1 = Escape           
keycode   2 = exclam              nine          
keycode   3 = ampersand              seven               at              nul			nul
keycode   4 = numbersign            five      
	control keycode   4 = Escape          
keycode   5 = asterisk             three           dollar          Control_backslash
keycode   6 = equal             one         
	control keycode   6 = Control_bracketright
keycode   7 = parenleft              zero     
	control keycode   7 = Control_asciicircum
keycode   8 = parenright            two        braceleft       Control_underscore
keycode   9 = braceleft            four         bracketleft     Delete
keycode  10 = braceright             six        bracketright    
keycode  11 = bracketleft             eight       braceright      
keycode  12 = bracketright      percent       
	control keycode  12 = Escape          
keycode  13 = plus     tilde       asciitilde      Control_bracketright
keycode  14 = Delete           
keycode  15 = Tab              
	shift	keycode  15 = Meta_Tab
keycode  16 = semicolon       colon        
	control keycode  16 = Control_g       
keycode  17 = comma            less            
keycode  18 = period           greater         
keycode  19 = p               
keycode  20 = y               
keycode  21 = f               
keycode  22 = g               
keycode  23 = c               
keycode  24 = r               
keycode  25 = l               
keycode  26 = slash            question        
	control keycode  26 = Delete          
keycode  27 = backslash            bar            
keycode  28 = Return          
        alt     keycode  28 = Meta_Control_m
keycode  29 = Control         
keycode  30 = a               
keycode  31 = o               
keycode  32 = e               
keycode  33 = u               
keycode  34 = i               
keycode  35 = d               
keycode  36 = h               
keycode  37 = t               
keycode  38 = n               
keycode  39 = s               
keycode  40 = minus           underscore       backslash     Control_underscore 	Control_underscore
keycode  41 = dollar            grave      
	control keycode  41 = nul             
keycode  42 = Shift           
keycode  43 = at        asciicircum             
	control keycode  43 = Control_backslash
keycode  44 = apostrophe        quotedbl           
keycode  45 = q               
keycode  46 = j               
keycode  47 = k               
keycode  48 = x               
keycode  49 = b               
keycode  50 = m               
keycode  51 = w               
keycode  52 = v               
keycode  53 = z               
keycode  54 = Shift           
keycode  56 = Alt             
keycode  57 = space            
	control keycode  57 = nul             
keycode  58 = Escape
keycode  86 = less             greater          bar             
keycode  97 = Control         
